// Jest Snapshot v1, https://goo.gl/fbAQLP

exports[`Main Component Matches Snapshot 1`] = `
<div>
  Loading...
</div>
`;
